+ exec gosu vibecode scripts/studio
Installing dependencies and generating Prisma client...
[0.04ms] ".env"
bun install v1.2.19 (aad3abea)

$ prisma generate
Environment variables loaded from .env
Prisma schema loaded from prisma/schema.prisma
┌─────────────────────────────────────────────────────────┐
│  Update available 6.17.1 -> 7.4.0                       │
│                                                         │
│  This is a major update - please follow the guide at    │
│  https://pris.ly/d/major-version-upgrade                │
│                                                         │
│  Run the following to update                            │
│    npm i --save-dev prisma@latest                       │
│    npm i @prisma/client@latest                          │
└─────────────────────────────────────────────────────────┘

✔ Generated Prisma Client (v6.17.1) to ./generated/prisma in 113ms

Start by importing your Prisma Client (See: https://pris.ly/d/importing-client)

Tip: Need your database queries to be 1000x faster? Accelerate offers you that and more: https://pris.ly/tip-2-accelerate


+ @types/bun@1.2.23
+ @types/js-yaml@4.0.9
+ @types/jsonwebtoken@9.0.10
+ prisma@6.17.1
+ @better-auth/expo@1.3.24
+ @hono/node-server@1.12.0
+ @hono/zod-validator@0.7.3
+ @prisma/adapter-better-sqlite3@6.17.1
+ @prisma/client@6.17.1
+ better-auth@1.3.24
+ better-sqlite3@12.4.6
+ hono@4.6.0
+ js-yaml@4.1.0
+ jsonwebtoken@9.0.2
+ zod@4.1.11
+ typescript@5.8.3

707 packages installed [9.76s]
scripts/studio: line 6: ependencies: command not found
+ exec gosu vibecode scripts/studio
Starting in development mode...
Installing dependencies...
[0.03ms] ".env"
bun install v1.2.19 (aad3abea)

$ prisma generate
Environment variables loaded from .env
Prisma schema loaded from prisma/schema.prisma

✔ Generated Prisma Client (v6.17.1) to ./generated/prisma in 216ms

Start by importing your Prisma Client (See: https://pris.ly/d/importing-client)

Tip: Interested in query caching in just a few lines of code? Try Accelerate today! https://pris.ly/tip-3-accelerate


Checked 831 installs across 772 packages (no changes) [1490.00ms]
Starting Cloud Studio...
Cloud Studio starting on http://0.0.0.0:3001
Cloud Studio is running at http://0.0.0.0:3001
Prisma Client connected
+ exec gosu vibecode scripts/studio
Starting in development mode...
Installing dependencies...
[0.03ms] ".env"
bun install v1.2.19 (aad3abea)

$ prisma generate
Environment variables loaded from .env
Prisma schema loaded from prisma/schema.prisma

✔ Generated Prisma Client (v6.17.1) to ./generated/prisma in 239ms

Start by importing your Prisma Client (See: https://pris.ly/d/importing-client)

Tip: Interested in query caching in just a few lines of code? Try Accelerate today! https://pris.ly/tip-3-accelerate


Checked 831 installs across 772 packages (no changes) [2.02s]
Starting Cloud Studio...
Cloud Studio starting on http://0.0.0.0:3001
Cloud Studio is running at http://0.0.0.0:3001
Prisma Client connected
